// Vitest Snapshot v1

exports[`dateUtils:  > should return calendar data 1`] = `
[
  2022-08-28T22:00:00.000Z,
  2022-08-29T22:00:00.000Z,
  2022-08-30T22:00:00.000Z,
  2022-08-31T22:00:00.000Z,
  2022-09-01T22:00:00.000Z,
  2022-09-02T22:00:00.000Z,
  2022-09-03T22:00:00.000Z,
  2022-09-04T22:00:00.000Z,
  2022-09-05T22:00:00.000Z,
  2022-09-06T22:00:00.000Z,
  2022-09-07T22:00:00.000Z,
  2022-09-08T22:00:00.000Z,
  2022-09-09T22:00:00.000Z,
  2022-09-10T22:00:00.000Z,
  2022-09-11T22:00:00.000Z,
  2022-09-12T22:00:00.000Z,
  2022-09-13T22:00:00.000Z,
  2022-09-14T22:00:00.000Z,
  2022-09-15T22:00:00.000Z,
  2022-09-16T22:00:00.000Z,
  2022-09-17T22:00:00.000Z,
  2022-09-18T22:00:00.000Z,
  2022-09-19T22:00:00.000Z,
  2022-09-20T22:00:00.000Z,
  2022-09-21T22:00:00.000Z,
  2022-09-22T22:00:00.000Z,
  2022-09-23T22:00:00.000Z,
  2022-09-24T22:00:00.000Z,
  2022-09-25T22:00:00.000Z,
  2022-09-26T22:00:00.000Z,
  2022-09-27T22:00:00.000Z,
  2022-09-28T22:00:00.000Z,
  2022-09-29T22:00:00.000Z,
  2022-09-30T22:00:00.000Z,
  2022-10-01T22:00:00.000Z,
]
`;
